=== startup Tue Sep 15 02:42:36 PM CEST 2026 DATASET=GSE79523 runs=8 threads=14 ===
=== SRR3285589 download ===
[#d42d77 0B/0B CN:1 DL:0B]
[#d42d77 0B/0B CN:1 DL:0B]
[#d42d77 0B/0B CN:1 DL:0B]
[#d42d77 0B/0B CN:1 DL:0B]
[#d42d77 0B/0B CN:1 DL:0B]
[#d42d77 11MiB/1.1GiB(0%) CN:16 DL:17MiB ETA:1m7s]
[#d42d77 27MiB/1.1GiB(2%) CN:16 DL:16MiB ETA:1m14s]
[#d42d77 41MiB/1.1GiB(3%) CN:16 DL:15MiB ETA:1m15s]
[#d42d77 56MiB/1.1GiB(4%) CN:16 DL:15MiB ETA:1m16s]
[#d42d77 71MiB/1.1GiB(5%) CN:16 DL:15MiB ETA:1m16s]
[#d42d77 92MiB/1.1GiB(7%) CN:16 DL:16MiB ETA:1m9s]
[#d42d77 114MiB/1.1GiB(9%) CN:16 DL:17MiB ETA:1m4s]
[#d42d77 137MiB/1.1GiB(11%) CN:16 DL:17MiB ETA:1m]
[#d42d77 160MiB/1.1GiB(13%) CN:16 DL:18MiB ETA:57s]
[#d42d77 181MiB/1.1GiB(14%) CN:16 DL:18MiB ETA:55s]
[#d42d77 201MiB/1.1GiB(16%) CN:16 DL:18MiB ETA:54s]
[#d42d77 220MiB/1.1GiB(18%) CN:16 DL:19MiB ETA:51s]
[#d42d77 245MiB/1.1GiB(20%) CN:16 DL:20MiB ETA:47s]
[#d42d77 264MiB/1.1GiB(21%) CN:16 DL:20MiB ETA:45s]
[#d42d77 286MiB/1.1GiB(23%) CN:16 DL:21MiB ETA:43s]
[#d42d77 308MiB/1.1GiB(25%) CN:16 DL:20MiB ETA:43s]
[#d42d77 329MiB/1.1GiB(27%) CN:16 DL:20MiB ETA:42s]
[#d42d77 352MiB/1.1GiB(28%) CN:16 DL:21MiB ETA:40s]
[#d42d77 374MiB/1.1GiB(30%) CN:16 DL:21MiB ETA:39s]
[#d42d77 396MiB/1.1GiB(32%) CN:16 DL:21MiB ETA:38s]
[#d42d77 419MiB/1.1GiB(34%) CN:16 DL:21MiB ETA:37s]
[#d42d77 441MiB/1.1GiB(36%) CN:16 DL:21MiB ETA:35s]
[#d42d77 461MiB/1.1GiB(37%) CN:16 DL:21MiB ETA:35s]
[#d42d77 484MiB/1.1GiB(39%) CN:16 DL:21MiB ETA:34s]
[#d42d77 507MiB/1.1GiB(41%) CN:16 DL:21MiB ETA:33s]
[#d42d77 527MiB/1.1GiB(43%) CN:16 DL:21MiB ETA:32s]
[#d42d77 550MiB/1.1GiB(45%) CN:16 DL:21MiB ETA:31s]
[#d42d77 573MiB/1.1GiB(47%) CN:16 DL:21MiB ETA:29s]
[#d42d77 593MiB/1.1GiB(48%) CN:16 DL:21MiB ETA:29s]
[#d42d77 616MiB/1.1GiB(50%) CN:16 DL:21MiB ETA:28s]
[#d42d77 639MiB/1.1GiB(52%) CN:16 DL:21MiB ETA:26s]
[#d42d77 659MiB/1.1GiB(54%) CN:16 DL:21MiB ETA:26s]
[#d42d77 682MiB/1.1GiB(56%) CN:16 DL:21MiB ETA:24s]
[#d42d77 704MiB/1.1GiB(57%) CN:16 DL:21MiB ETA:23s]
[#d42d77 722MiB/1.1GiB(59%) CN:16 DL:21MiB ETA:23s]
[#d42d77 743MiB/1.1GiB(61%) CN:16 DL:21MiB ETA:22s]
[#d42d77 763MiB/1.1GiB(62%) CN:16 DL:20MiB ETA:21s]
[#d42d77 784MiB/1.1GiB(64%) CN:16 DL:20MiB ETA:20s]
[#d42d77 804MiB/1.1GiB(66%) CN:16 DL:20MiB ETA:20s]
[#d42d77 821MiB/1.1GiB(67%) CN:16 DL:19MiB ETA:19s]
[#d42d77 843MiB/1.1GiB(69%) CN:16 DL:19MiB ETA:18s]
[#d42d77 863MiB/1.1GiB(70%) CN:16 DL:19MiB ETA:17s]
[#d42d77 881MiB/1.1GiB(72%) CN:16 DL:19MiB ETA:17s]
[#d42d77 902MiB/1.1GiB(74%) CN:16 DL:19MiB ETA:16s]
[#d42d77 0.9GiB/1.1GiB(75%) CN:16 DL:19MiB ETA:14s]
[#d42d77 0.9GiB/1.1GiB(77%) CN:16 DL:19MiB ETA:14s]
[#d42d77 0.9GiB/1.1GiB(78%) CN:16 DL:19MiB ETA:13s]
[#d42d77 0.9GiB/1.1GiB(80%) CN:16 DL:19MiB ETA:12s]
[#d42d77 0.9GiB/1.1GiB(82%) CN:16 DL:19MiB ETA:11s]
[#d42d77 0.9GiB/1.1GiB(83%) CN:16 DL:19MiB ETA:9s]
[#d42d77 1.0GiB/1.1GiB(85%) CN:16 DL:19MiB ETA:9s]
[#d42d77 1.0GiB/1.1GiB(87%) CN:16 DL:19MiB ETA:8s]
[#d42d77 1.0GiB/1.1GiB(88%) CN:16 DL:19MiB ETA:6s]
 *** Download Progress Summary as of Tue Sep 15 14:43:37 2026 *** 
===============================================================================
[#d42d77 1.0GiB/1.1GiB(90%) CN:15 DL:18MiB ETA:6s]
FILE: /home/xi/tmp/plant_m6A_data/GSE79523/fastq/SRR3285589_1.fastq.gz.part
-------------------------------------------------------------------------------

[#d42d77 1.0GiB/1.1GiB(90%) CN:15 DL:18MiB ETA:6s]
[#d42d77 1.0GiB/1.1GiB(92%) CN:13 DL:19MiB ETA:4s]
[#d42d77 1.1GiB/1.1GiB(93%) CN:12 DL:19MiB ETA:3s]
[#d42d77 1.1GiB/1.1GiB(95%) CN:11 DL:19MiB ETA:2s]
[#d42d77 1.1GiB/1.1GiB(97%) CN:10 DL:19MiB ETA:1s]
[#d42d77 1.1GiB/1.1GiB(98%) CN:6 DL:19MiB]
[#d42d77 1.1GiB/1.1GiB(99%) CN:1 DL:16MiB]
[#d42d77 1.1GiB/1.1GiB(99%) CN:1 DL:14MiB]
[#d42d77 1.1GiB/1.1GiB(99%) CN:1 DL:12MiB]
[#d42d77 1.1GiB/1.1GiB(99%) CN:1 DL:10MiB]
[#d42d77 1.1GiB/1.1GiB(99%) CN:1 DL:8.1MiB]
[#d42d77 1.1GiB/1.1GiB(99%) CN:1 DL:5.9MiB]
[#d42d77 1.1GiB/1.1GiB(99%) CN:1 DL:3.8MiB ETA:1s]
[#d42d77 1.1GiB/1.1GiB(99%) CN:1 DL:1.7MiB ETA:3s]
[#d42d77 1.1GiB/1.1GiB(99%) CN:1 DL:16KiB ETA:5m46s]
[#d42d77 1.1GiB/1.1GiB(99%) CN:1 DL:14KiB ETA:6m29s]
[#d42d77 1.1GiB/1.1GiB(99%) CN:1 DL:1.7KiB ETA:54m34s]
[#d42d77 1.1GiB/1.1GiB(99%) CN:1 DL:0B]
[#d42d77 1.1GiB/1.1GiB(99%) CN:1 DL:0B]
[#d42d77 1.1GiB/1.1GiB(99%) CN:1 DL:0B]
[#d42d77 1.1GiB/1.1GiB(99%) CN:1 DL:0B]
[#d42d77 1.1GiB/1.1GiB(99%) CN:1 DL:0B]
[#d42d77 1.1GiB/1.1GiB(99%) CN:1 DL:0B]
[#d42d77 1.1GiB/1.1GiB(99%) CN:1 DL:0B]
[#d42d77 1.1GiB/1.1GiB(99%) CN:1 DL:0B]
[#d42d77 1.1GiB/1.1GiB(99%) CN:1 DL:0B]
[#d42d77 1.1GiB/1.1GiB(99%) CN:1 DL:0B]
[#d42d77 1.1GiB/1.1GiB(99%) CN:1 DL:0B]
[#d42d77 1.1GiB/1.1GiB(99%) CN:1 DL:0B]
[#d42d77 1.1GiB/1.1GiB(99%) CN:1 DL:0B]
[#d42d77 1.1GiB/1.1GiB(99%) CN:1 DL:0B]
[#d42d77 1.1GiB/1.1GiB(99%) CN:1 DL:0B]
[#d42d77 1.1GiB/1.1GiB(99%) CN:1 DL:0B]
[#d42d77 1.1GiB/1.1GiB(99%) CN:1 DL:0B]
[#d42d77 1.1GiB/1.1GiB(99%) CN:1 DL:0B]
[#d42d77 1.1GiB/1.1GiB(99%) CN:1 DL:0B]
[#d42d77 1.1GiB/1.1GiB(99%) CN:1 DL:0B]
[#d42d77 1.1GiB/1.1GiB(99%) CN:1 DL:0B]
[#d42d77 1.1GiB/1.1GiB(99%) CN:1 DL:0B]
[#d42d77 1.1GiB/1.1GiB(99%) CN:1 DL:0B]
[#d42d77 1.1GiB/1.1GiB(99%) CN:1 DL:0B]
[#d42d77 1.1GiB/1.1GiB(99%) CN:1 DL:0B]
[#d42d77 1.1GiB/1.1GiB(99%) CN:1 DL:0B]
[#d42d77 1.1GiB/1.1GiB(99%) CN:1 DL:0B]
[#d42d77 1.1GiB/1.1GiB(99%) CN:1 DL:0B]
[#d42d77 1.1GiB/1.1GiB(99%) CN:1 DL:0B]
[#d42d77 1.1GiB/1.1GiB(99%) CN:1 DL:0B]
[#d42d77 1.1GiB/1.1GiB(99%) CN:1 DL:74KiB ETA:1m15s]

Download Results:
gid   |stat|avg speed  |path/URI
======+====+===========+=======================================================
d42d77|OK  |    11MiB/s|/home/xi/tmp/plant_m6A_data/GSE79523/fastq/SRR3285589_1.fastq.gz.part

Status Legend:
(OK):download completed.
[#1c47db 0B/0B CN:1 DL:0B]
[#1c47db 0B/0B CN:1 DL:0B]
[#1c47db 1.0MiB/1.2GiB(0%) CN:16 DL:6.4MiB ETA:3m15s]
[#1c47db 20MiB/1.2GiB(1%) CN:16 DL:17MiB ETA:1m11s]
[#1c47db 40MiB/1.2GiB(3%) CN:16 DL:18MiB ETA:1m6s]
[#1c47db 60MiB/1.2GiB(4%) CN:16 DL:18MiB ETA:1m4s]
[#1c47db 79MiB/1.2GiB(6%) CN:16 DL:17MiB ETA:1m8s]
[#1c47db 98MiB/1.2GiB(7%) CN:16 DL:17MiB ETA:1m6s]
[#1c47db 124MiB/1.2GiB(9%) CN:16 DL:18MiB ETA:1m]
[#1c47db 143MiB/1.2GiB(11%) CN:16 DL:18MiB ETA:59s]
[#1c47db 166MiB/1.2GiB(13%) CN:16 DL:19MiB ETA:57s]
[#1c47db 187MiB/1.2GiB(14%) CN:16 DL:19MiB ETA:55s]
[#1c47db 209MiB/1.2GiB(16%) CN:16 DL:19MiB ETA:53s]
[#1c47db 234MiB/1.2GiB(18%) CN:16 DL:20MiB ETA:50s]
[#1c47db 253MiB/1.2GiB(20%) CN:16 DL:20MiB ETA:49s]
[#1c47db 273MiB/1.2GiB(21%) CN:16 DL:20MiB ETA:48s]
[#1c47db 296MiB/1.2GiB(23%) CN:16 DL:21MiB ETA:44s]
[#1c47db 318MiB/1.2GiB(25%) CN:16 DL:21MiB ETA:44s]
[#1c47db 339MiB/1.2GiB(26%) CN:16 DL:21MiB ETA:43s]
[#1c47db 361MiB/1.2GiB(28%) CN:16 DL:21MiB ETA:42s]
[#1c47db 383MiB/1.2GiB(30%) CN:16 DL:21MiB ETA:41s]
[#1c47db 404MiB/1.2GiB(31%) CN:16 DL:21MiB ETA:40s]
[#1c47db 427MiB/1.2GiB(33%) CN:16 DL:21MiB ETA:39s]
[#1c47db 449MiB/1.2GiB(35%) CN:16 DL:21MiB ETA:37s]
[#1c47db 469MiB/1.2GiB(37%) CN:16 DL:21MiB ETA:37s]
[#1c47db 492MiB/1.2GiB(38%) CN:16 DL:21MiB ETA:36s]
[#1c47db 513MiB/1.2GiB(40%) CN:16 DL:21MiB ETA:35s]
[#1c47db 535MiB/1.2GiB(42%) CN:16 DL:21MiB ETA:34s]
[#1c47db 555MiB/1.2GiB(43%) CN:16 DL:21MiB ETA:33s]
[#1c47db 576MiB/1.2GiB(45%) CN:16 DL:21MiB ETA:32s]
[#1c47db 600MiB/1.2GiB(47%) CN:16 DL:21MiB ETA:31s]
[#1c47db 620MiB/1.2GiB(49%) CN:16 DL:21MiB ETA:30s]
[#1c47db 643MiB/1.2GiB(50%) CN:16 DL:21MiB ETA:29s]
[#1c47db 665MiB/1.2GiB(52%) CN:16 DL:21MiB ETA:28s]
[#1c47db 683MiB/1.2GiB(54%) CN:16 DL:21MiB ETA:27s]
[#1c47db 703MiB/1.2GiB(55%) CN:16 DL:20MiB ETA:26s]
[#1c47db 725MiB/1.2GiB(57%) CN:16 DL:20MiB ETA:25s]
[#1c47db 745MiB/1.2GiB(58%) CN:16 DL:20MiB ETA:25s]
[#1c47db 765MiB/1.2GiB(60%) CN:16 DL:20MiB ETA:24s]
[#1c47db 784MiB/1.2GiB(62%) CN:16 DL:20MiB ETA:23s]
[#1c47db 803MiB/1.2GiB(63%) CN:16 DL:19MiB ETA:23s]
[#1c47db 824MiB/1.2GiB(65%) CN:16 DL:20MiB ETA:22s]
[#1c47db 843MiB/1.2GiB(66%) CN:16 DL:19MiB ETA:21s]
[#1c47db 864MiB/1.2GiB(68%) CN:16 DL:19MiB ETA:20s]
[#1c47db 885MiB/1.2GiB(70%) CN:16 DL:19MiB ETA:19s]
[#1c47db 904MiB/1.2GiB(71%) CN:16 DL:19MiB ETA:18s]
[#1c47db 0.9GiB/1.2GiB(73%) CN:16 DL:19MiB ETA:17s]
[#1c47db 0.9GiB/1.2GiB(74%) CN:16 DL:19MiB ETA:16s]
[#1c47db 0.9GiB/1.2GiB(76%) CN:16 DL:19MiB ETA:15s]
[#1c47db 0.9GiB/1.2GiB(77%) CN:16 DL:19MiB ETA:14s]
[#1c47db 0.9GiB/1.2GiB(79%) CN:16 DL:19MiB ETA:13s]
[#1c47db 1.0GiB/1.2GiB(81%) CN:16 DL:19MiB ETA:12s]
[#1c47db 1.0GiB/1.2GiB(82%) CN:16 DL:19MiB ETA:11s]
[#1c47db 1.0GiB/1.2GiB(84%) CN:16 DL:19MiB ETA:10s]
[#1c47db 1.0GiB/1.2GiB(85%) CN:16 DL:19MiB ETA:9s]
[#1c47db 1.0GiB/1.2GiB(87%) CN:16 DL:19MiB ETA:8s]
[#1c47db 1.0GiB/1.2GiB(89%) CN:16 DL:19MiB ETA:7s]
[#1c47db 1.1GiB/1.2GiB(90%) CN:16 DL:19MiB ETA:6s]
 *** Download Progress Summary as of Tue Sep 15 14:45:45 2026 *** 
===============================================================================
[#1c47db 1.1GiB/1.2GiB(91%) CN:16 DL:19MiB ETA:5s]
FILE: /home/xi/tmp/plant_m6A_data/GSE79523/fastq/SRR3285589_2.fastq.gz.part
-------------------------------------------------------------------------------

[#1c47db 1.1GiB/1.2GiB(91%) CN:16 DL:19MiB ETA:5s]
[#1c47db 1.1GiB/1.2GiB(93%) CN:15 DL:19MiB ETA:4s]
[#1c47db 1.1GiB/1.2GiB(95%) CN:12 DL:19MiB ETA:3s]
[#1c47db 1.1GiB/1.2GiB(96%) CN:8 DL:19MiB ETA:2s]
[#1c47db 1.2GiB/1.2GiB(98%) CN:6 DL:19MiB ETA:1s]
[#1c47db 1.2GiB/1.2GiB(98%) CN:4 DL:17MiB]
[#1c47db 1.2GiB/1.2GiB(98%) CN:3 DL:15MiB ETA:1s]
[#1c47db 1.2GiB/1.2GiB(98%) CN:3 DL:12MiB ETA:1s]
[#1c47db 1.2GiB/1.2GiB(98%) CN:3 DL:10MiB ETA:1s]
[#1c47db 1.2GiB/1.2GiB(98%) CN:3 DL:9.0MiB ETA:1s]
[#1c47db 1.2GiB/1.2GiB(98%) CN:3 DL:7.0MiB ETA:2s]
[#1c47db 1.2GiB/1.2GiB(99%) CN:2 DL:5.5MiB ETA:1s]
[#1c47db 1.2GiB/1.2GiB(99%) CN:1 DL:2.4MiB]
[#1c47db 1.2GiB/1.2GiB(100%) CN:0]

Download Results:
gid   |stat|avg speed  |path/URI
======+====+===========+=======================================================
1c47db|OK  |    17MiB/s|/home/xi/tmp/plant_m6A_data/GSE79523/fastq/SRR3285589_2.fastq.gz.part

Status Legend:
(OK):download completed.
=== SRR3285589 fastp ===
=== SRR3285589 hisat2 ===
[bam_sort_core] merging from 1 files and 4 in-memory blocks...
=== SRR3285590 download ===
[#4bd6f7 0B/0B CN:1 DL:0B]
[#4bd6f7 0B/0B CN:1 DL:0B]
[#4bd6f7 0B/0B CN:1 DL:0B]
[#4bd6f7 18MiB/1.1GiB(1%) CN:16 DL:19MiB ETA:1m]
[#4bd6f7 39MiB/1.1GiB(3%) CN:16 DL:19MiB ETA:59s]
[#4bd6f7 64MiB/1.1GiB(5%) CN:16 DL:21MiB ETA:53s]
[#4bd6f7 83MiB/1.1GiB(6%) CN:16 DL:20MiB ETA:54s]
[#4bd6f7 105MiB/1.1GiB(8%) CN:16 DL:20MiB ETA:53s]
[#4bd6f7 126MiB/1.1GiB(10%) CN:16 DL:20MiB ETA:52s]
[#4bd6f7 149MiB/1.1GiB(12%) CN:16 DL:21MiB ETA:50s]
[#4bd6f7 169MiB/1.1GiB(14%) CN:16 DL:20MiB ETA:49s]
[#4bd6f7 193MiB/1.1GiB(16%) CN:16 DL:21MiB ETA:47s]
[#4bd6f7 214MiB/1.1GiB(17%) CN:16 DL:21MiB ETA:46s]
[#4bd6f7 239MiB/1.1GiB(19%) CN:16 DL:21MiB ETA:44s]
[#4bd6f7 262MiB/1.1GiB(21%) CN:16 DL:21MiB ETA:43s]
[#4bd6f7 285MiB/1.1GiB(23%) CN:16 DL:22MiB ETA:41s]
[#4bd6f7 308MiB/1.1GiB(25%) CN:16 DL:21MiB ETA:40s]
[#4bd6f7 331MiB/1.1GiB(27%) CN:16 DL:22MiB ETA:39s]
[#4bd6f7 352MiB/1.1GiB(29%) CN:16 DL:22MiB ETA:38s]
[#4bd6f7 374MiB/1.1GiB(30%) CN:16 DL:22MiB ETA:37s]
[#4bd6f7 396MiB/1.1GiB(32%) CN:16 DL:21MiB ETA:36s]
[#4bd6f7 416MiB/1.1GiB(34%) CN:16 DL:21MiB ETA:36s]
[#4bd6f7 439MiB/1.1GiB(36%) CN:16 DL:21MiB ETA:35s]
[#4bd6f7 459MiB/1.1GiB(38%) CN:16 DL:21MiB ETA:34s]
[#4bd6f7 483MiB/1.1GiB(40%) CN:16 DL:21MiB ETA:33s]
[#4bd6f7 503MiB/1.1GiB(41%) CN:16 DL:21MiB ETA:33s]
[#4bd6f7 528MiB/1.1GiB(43%) CN:16 DL:21MiB ETA:31s]
[#4bd6f7 550MiB/1.1GiB(45%) CN:16 DL:21MiB ETA:30s]
[#4bd6f7 571MiB/1.1GiB(47%) CN:16 DL:21MiB ETA:29s]
[#4bd6f7 593MiB/1.1GiB(49%) CN:16 DL:21MiB ETA:28s]
[#4bd6f7 616MiB/1.1GiB(51%) CN:16 DL:21MiB ETA:27s]
[#4bd6f7 638MiB/1.1GiB(52%) CN:16 DL:21MiB ETA:26s]
[#4bd6f7 658MiB/1.1GiB(54%) CN:16 DL:21MiB ETA:25s]
[#4bd6f7 683MiB/1.1GiB(56%) CN:16 DL:21MiB ETA:24s]
[#4bd6f7 702MiB/1.1GiB(58%) CN:16 DL:21MiB ETA:23s]
[#4bd6f7 728MiB/1.1GiB(60%) CN:16 DL:21MiB ETA:22s]
[#4bd6f7 747MiB/1.1GiB(61%) CN:16 DL:21MiB ETA:21s]
[#4bd6f7 770MiB/1.1GiB(63%) CN:16 DL:21MiB ETA:20s]
[#4bd6f7 794MiB/1.1GiB(65%) CN:16 DL:21MiB ETA:18s]
[#4bd6f7 816MiB/1.1GiB(67%) CN:16 DL:21MiB ETA:17s]
[#4bd6f7 838MiB/1.1GiB(69%) CN:16 DL:21MiB ETA:17s]
[#4bd6f7 857MiB/1.1GiB(70%) CN:16 DL:21MiB ETA:16s]
[#4bd6f7 879MiB/1.1GiB(72%) CN:16 DL:21MiB ETA:15s]
[#4bd6f7 897MiB/1.1GiB(74%) CN:16 DL:21MiB ETA:14s]
[#4bd6f7 918MiB/1.1GiB(76%) CN:16 DL:20MiB ETA:13s]
[#4bd6f7 0.9GiB/1.1GiB(77%) CN:16 DL:20MiB ETA:12s]
[#4bd6f7 0.9GiB/1.1GiB(79%) CN:16 DL:20MiB ETA:12s]
[#4bd6f7 0.9GiB/1.1GiB(81%) CN:16 DL:20MiB ETA:10s]
[#4bd6f7 0.9GiB/1.1GiB(82%) CN:16 DL:20MiB ETA:10s]
[#4bd6f7 0.9GiB/1.1GiB(84%) CN:16 DL:20MiB ETA:8s]
[#4bd6f7 1.0GiB/1.1GiB(86%) CN:16 DL:20MiB ETA:8s]
[#4bd6f7 1.0GiB/1.1GiB(87%) CN:16 DL:20MiB ETA:7s]
[#4bd6f7 1.0GiB/1.1GiB(89%) CN:15 DL:20MiB ETA:6s]
[#4bd6f7 1.0GiB/1.1GiB(91%) CN:15 DL:20MiB ETA:5s]
[#4bd6f7 1.0GiB/1.1GiB(92%) CN:14 DL:20MiB ETA:4s]
[#4bd6f7 1.1GiB/1.1GiB(94%) CN:11 DL:20MiB ETA:3s]
[#4bd6f7 1.1GiB/1.1GiB(96%) CN:7 DL:19MiB ETA:2s]
[#4bd6f7 1.1GiB/1.1GiB(97%) CN:5 DL:19MiB ETA:1s]
 *** Download Progress Summary as of Tue Sep 15 14:52:37 2026 *** 
===============================================================================
[#4bd6f7 1.1GiB/1.1GiB(97%) CN:4 DL:17MiB ETA:1s]
FILE: /home/xi/tmp/plant_m6A_data/GSE79523/fastq/SRR3285590_1.fastq.gz.part
-------------------------------------------------------------------------------

[#4bd6f7 1.1GiB/1.1GiB(97%) CN:4 DL:17MiB ETA:1s]
[#4bd6f7 1.1GiB/1.1GiB(98%) CN:4 DL:16MiB ETA:1s]
[#4bd6f7 1.1GiB/1.1GiB(98%) CN:4 DL:14MiB ETA:1s]
[#4bd6f7 1.1GiB/1.1GiB(98%) CN:3 DL:12MiB ETA:1s]
[#4bd6f7 1.1GiB/1.1GiB(98%) CN:3 DL:9.4MiB ETA:1s]
[#4bd6f7 1.1GiB/1.1GiB(99%) CN:2 DL:9.1MiB]
[#4bd6f7 1.1GiB/1.1GiB(99%) CN:1 DL:6.1MiB]
[#4bd6f7 1.1GiB/1.1GiB(99%) CN:1 DL:3.9MiB]
[#4bd6f7 1.1GiB/1.1GiB(99%) CN:1 DL:2.5MiB]
[#4bd6f7 1.1GiB/1.1GiB(99%) CN:1 DL:2.0MiB]
[#4bd6f7 1.1GiB/1.1GiB(99%) CN:1 DL:1.6MiB]
[#4bd6f7 1.1GiB/1.1GiB(99%) CN:1 DL:1.5MiB]
[#4bd6f7 1.1GiB/1.1GiB(99%) CN:1 DL:1.5MiB]
[#4bd6f7 1.1GiB/1.1GiB(99%) CN:1 DL:560KiB]
[#4bd6f7 1.1GiB/1.1GiB(99%) CN:1 DL:6.6KiB ETA:16s]
[#4bd6f7 1.1GiB/1.1GiB(99%) CN:1 DL:5.6KiB ETA:19s]
[#4bd6f7 1.1GiB/1.1GiB(99%) CN:1 DL:4.9KiB ETA:22s]
[#4bd6f7 1.1GiB/1.1GiB(99%) CN:1 DL:0B]
[#4bd6f7 1.1GiB/1.1GiB(99%) CN:1 DL:0B]

Download Results:
gid   |stat|avg speed  |path/URI
======+====+===========+=======================================================
4bd6f7|OK  |    15MiB/s|/home/xi/tmp/plant_m6A_data/GSE79523/fastq/SRR3285590_1.fastq.gz.part

Status Legend:
(OK):download completed.
[#3552d4 2.6MiB/1.2GiB(0%) CN:16 DL:7.7MiB ETA:2m44s]
[#3552d4 10MiB/1.2GiB(0%) CN:16 DL:8.0MiB ETA:2m37s]
[#3552d4 19MiB/1.2GiB(1%) CN:16 DL:8.1MiB ETA:2m35s]
[#3552d4 27MiB/1.2GiB(2%) CN:16 DL:8.3MiB ETA:2m29s]
[#3552d4 37MiB/1.2GiB(2%) CN:16 DL:8.7MiB ETA:2m22s]
[#3552d4 47MiB/1.2GiB(3%) CN:16 DL:8.9MiB ETA:2m16s]
[#3552d4 60MiB/1.2GiB(4%) CN:16 DL:9.5MiB ETA:2m7s]
[#3552d4 84MiB/1.2GiB(6%) CN:16 DL:11MiB ETA:1m43s]
[#3552d4 107MiB/1.2GiB(8%) CN:16 DL:12MiB ETA:1m30s]
[#3552d4 130MiB/1.2GiB(10%) CN:16 DL:13MiB ETA:1m22s]
[#3552d4 153MiB/1.2GiB(12%) CN:16 DL:15MiB ETA:1m12s]
[#3552d4 173MiB/1.2GiB(13%) CN:16 DL:16MiB ETA:1m6s]
[#3552d4 196MiB/1.2GiB(15%) CN:16 DL:18MiB ETA:59s]
[#3552d4 220MiB/1.2GiB(17%) CN:16 DL:19MiB ETA:53s]
[#3552d4 241MiB/1.2GiB(18%) CN:16 DL:20MiB ETA:49s]
[#3552d4 265MiB/1.2GiB(20%) CN:16 DL:22MiB ETA:45s]
[#3552d4 289MiB/1.2GiB(22%) CN:16 DL:22MiB ETA:44s]
[#3552d4 311MiB/1.2GiB(24%) CN:16 DL:21MiB ETA:43s]
[#3552d4 333MiB/1.2GiB(26%) CN:16 DL:22MiB ETA:42s]
[#3552d4 357MiB/1.2GiB(27%) CN:16 DL:22MiB ETA:40s]
[#3552d4 380MiB/1.2GiB(29%) CN:16 DL:22MiB ETA:39s]
[#3552d4 403MiB/1.2GiB(31%) CN:16 DL:22MiB ETA:38s]
[#3552d4 427MiB/1.2GiB(33%) CN:16 DL:22MiB ETA:37s]
[#3552d4 449MiB/1.2GiB(35%) CN:16 DL:22MiB ETA:36s]
[#3552d4 470MiB/1.2GiB(36%) CN:16 DL:22MiB ETA:36s]
[#3552d4 494MiB/1.2GiB(38%) CN:16 DL:22MiB ETA:34s]
[#3552d4 516MiB/1.2GiB(40%) CN:16 DL:22MiB ETA:33s]
[#3552d4 539MiB/1.2GiB(42%) CN:16 DL:22MiB ETA:33s]
[#3552d4 562MiB/1.2GiB(43%) CN:16 DL:22MiB ETA:32s]
[#3552d4 584MiB/1.2GiB(45%) CN:16 DL:22MiB ETA:31s]
[#3552d4 610MiB/1.2GiB(47%) CN:16 DL:22MiB ETA:29s]
[#3552d4 631MiB/1.2GiB(49%) CN:16 DL:22MiB ETA:28s]
[#3552d4 652MiB/1.2GiB(50%) CN:16 DL:22MiB ETA:28s]
[#3552d4 674MiB/1.2GiB(52%) CN:16 DL:22MiB ETA:27s]
[#3552d4 693MiB/1.2GiB(54%) CN:16 DL:21MiB ETA:27s]
[#3552d4 715MiB/1.2GiB(55%) CN:16 DL:21MiB ETA:26s]
[#3552d4 736MiB/1.2GiB(57%) CN:16 DL:21MiB ETA:25s]
[#3552d4 756MiB/1.2GiB(59%) CN:16 DL:21MiB ETA:24s]
[#3552d4 777MiB/1.2GiB(60%) CN:16 DL:20MiB ETA:24s]
[#3552d4 799MiB/1.2GiB(62%) CN:16 DL:20MiB ETA:22s]
[#3552d4 821MiB/1.2GiB(64%) CN:16 DL:20MiB ETA:22s]
[#3552d4 842MiB/1.2GiB(65%) CN:16 DL:20MiB ETA:21s]
[#3552d4 862MiB/1.2GiB(67%) CN:16 DL:20MiB ETA:20s]
[#3552d4 883MiB/1.2GiB(69%) CN:16 DL:20MiB ETA:19s]
[#3552d4 905MiB/1.2GiB(70%) CN:16 DL:20MiB ETA:18s]
[#3552d4 0.9GiB/1.2GiB(72%) CN:16 DL:20MiB ETA:16s]
[#3552d4 0.9GiB/1.2GiB(74%) CN:16 DL:20MiB ETA:15s]
[#3552d4 0.9GiB/1.2GiB(75%) CN:16 DL:20MiB ETA:15s]
[#3552d4 0.9GiB/1.2GiB(77%) CN:16 DL:20MiB ETA:14s]
[#3552d4 0.9GiB/1.2GiB(78%) CN:16 DL:20MiB ETA:13s]
[#3552d4 1.0GiB/1.2GiB(80%) CN:16 DL:20MiB ETA:12s]
[#3552d4 1.0GiB/1.2GiB(81%) CN:16 DL:20MiB ETA:11s]
[#3552d4 1.0GiB/1.2GiB(83%) CN:16 DL:20MiB ETA:9s]
[#3552d4 1.0GiB/1.2GiB(85%) CN:16 DL:20MiB ETA:9s]
[#3552d4 1.0GiB/1.2GiB(87%) CN:16 DL:20MiB ETA:8s]
[#3552d4 1.1GiB/1.2GiB(88%) CN:16 DL:20MiB ETA:7s]
[#3552d4 1.1GiB/1.2GiB(90%) CN:16 DL:20MiB ETA:6s]
[#3552d4 1.1GiB/1.2GiB(91%) CN:16 DL:20MiB ETA:5s]
[#3552d4 1.1GiB/1.2GiB(93%) CN:16 DL:20MiB ETA:4s]
 *** Download Progress Summary as of Tue Sep 15 14:54:16 2026 *** 
===============================================================================
[#3552d4 1.1GiB/1.2GiB(94%) CN:13 DL:19MiB ETA:3s]
FILE: /home/xi/tmp/plant_m6A_data/GSE79523/fastq/SRR3285590_2.fastq.gz.part
-------------------------------------------------------------------------------

[#3552d4 1.1GiB/1.2GiB(94%) CN:13 DL:19MiB ETA:3s]
[#3552d4 1.1GiB/1.2GiB(95%) CN:10 DL:19MiB ETA:2s]
[#3552d4 1.2GiB/1.2GiB(97%) CN:8 DL:19MiB ETA:1s]
[#3552d4 1.2GiB/1.2GiB(99%) CN:5 DL:19MiB]
[#3552d4 1.2GiB/1.2GiB(99%) CN:2 DL:17MiB]

Download Results:
gid   |stat|avg speed  |path/URI
======+====+===========+=======================================================
3552d4|OK  |    19MiB/s|/home/xi/tmp/plant_m6A_data/GSE79523/fastq/SRR3285590_2.fastq.gz.part

Status Legend:
(OK):download completed.
=== SRR3285590 fastp ===
=== SRR3285590 hisat2 ===
